../Core/Inc/input_to_midi.h:36:6:TIMER1_Callback	0	static
../Core/Inc/timer.h:11:6:TIMER_Init	0	static
../Core/Inc/timer.h:18:6:TIMER_Update	8	static
../Core/Inc/timer.h:30:6:TIMER_SetMillis	0	static
../Core/Inc/input_to_midi.h:15:6:HAL_ADC_ConvCpltCallback	0	static
../Core/Inc/input_to_midi.h:41:6:input_to_midi_start	8	static
../Core/Inc/input_to_midi.h:48:6:input_to_midi_loop	0	static
../Core/Src/main.c:119:6:SystemClock_Config	88	static,ignoring_inline_asm
../Core/Src/main.c:67:5:main	8	static
../Core/Src/main.c:164:6:Error_Handler	0	static,ignoring_inline_asm
