../Core/Inc/timer.h:11:6:TIMER_Init	24	static
../Core/Inc/timer.h:18:6:TIMER_Update	24	static
../Core/Inc/timer.h:30:6:TIMER_SetMillis	16	static
../Core/Inc/input_to_midi.h:16:6:HAL_ADC_ConvCpltCallback	24	static
../Core/Inc/input_to_midi.h:37:6:TIMER1_Callback	8	static
../Core/Inc/input_to_midi.h:42:6:input_to_midi_start	8	static
../Core/Inc/input_to_midi.h:49:6:input_to_midi_loop	8	static
../Core/Src/main.c:67:5:main	8	static
../Core/Src/main.c:119:6:SystemClock_Config	88	static
../Core/Src/main.c:164:6:Error_Handler	4	static,ignoring_inline_asm
